data/runs/4e03d13e-6304-4030-b2c3-177f0afe86a4/panel.csv
t,firm_id,price,cost,quantity,profit
0,2,3.0,1.0,2500.0,5000.0
1,2,2.972888059304523,0.9728880593045229,2530.6410508906624,5061.282101781325
2,2,2.829941369350878,0.8299413693508783,2614.8137361545982,5229.6274723091965
3,2,2.8387488834845076,0.8387488834845078,2594.4943787366697,5188.988757473338
4,2,2.8029515508320295,0.8029515508320294,2642.9371830520154,5285.874366104031
5,2,2.826544744345153,0.8265447443451527,2566.323086405385,5132.64617281077
6,2,2.7073164475828535,0.7073164475828535,2691.5723281124365,5383.144656224873
7,2,2.7266154926672694,0.7266154926672697,2700.4594498654715,5400.918899730942
8,2,2.781133967850722,0.781133967850722,2628.978807371372,5257.957614742744
9,2,2.7398583925418407,0.7398583925418406,2614.3951052879984,5228.790210575997
10,2,2.857345033074733,0.8573450330747331,2619.980427892003,5239.960855784006
11,2,2.8136855513748342,0.8136855513748343,2644.3530601500174,5288.706120300035
12,2,2.844573863122113,0.8445738631221127,2610.897046369743,5221.794092739486
13,2,2.930478740154378,0.9304787401543781,2575.051345889013,5150.102691778026
14,2,3.015520393240611,1.015520393240611,2549.9109906887675,5099.821981377535
15,2,3.1383530624143385,1.1383530624143385,2474.5184042100477,4949.036808420095
16,2,3.1721237012157584,1.1721237012157586,2449.3195768074925,4898.639153614984
17,2,3.168544247468899,1.168544247468899,2410.6250011796074,4821.250002359215
18,2,2.9756188305754625,0.9756188305754623,2533.681886655887,5067.363773311774
19,2,2.861793996895859,0.8617939968958586,2602.762256800009,5205.524513600018
20,2,2.845430204085111,0.8454302040851108,2610.582516306151,5221.165032612302
21,2,2.845983686018957,0.8459836860189572,2709.1176783887986,5418.235356777597
22,2,2.6424215198403767,0.6424215198403769,2784.043020284437,5568.086040568873
23,2,2.704482776125611,0.704482776125611,2713.4956309976465,5426.991261995293
24,2,2.73694568055078,0.73694568055078,2713.305049832551,5426.610099665102
25,2,2.565595075309426,0.565595075309426,2802.9333709253074,5605.866741850615
26,2,2.344188870409711,0.3441888704097109,2978.3116189956836,5956.623237991367
27,2,2.3743998980353904,0.3743998980353902,2945.460676797868,5890.921353595736
28,2,2.5140930032424085,0.5140930032424085,2832.4822445829227,5664.964489165845
29,2,2.590980527071591,0.5909805270715908,2799.011647272406,5598.023294544812
30,2,2.57729356486347,0.5772935648634696,2844.0088912947836,5688.017782589567
31,2,2.6586012707868045,0.6586012707868047,2723.9991438797183,5447.998287759436
32,2,2.6943576751922453,0.6943576751922454,2698.933183797929,5397.866367595858
33,2,2.6367019307721686,0.6367019307721685,2699.5167422788995,5399.033484557799
34,2,2.613159732872292,0.6131597328722923,2689.0694126670573,5378.138825334115
35,2,2.655941288808733,0.6559412888087327,2718.5341850764476,5437.068370152895
36,2,2.6458943085763935,0.6458943085763936,2731.0573689462676,5462.114737892535
37,2,2.642144406671181,0.6421444066711809,2707.3031852811678,5414.6063705623355
38,2,2.5683551104578903,0.5683551104578901,2706.745559754164,5413.491119508328
39,2,2.480383242299244,0.4803832422992439,2825.728884048971,5651.457768097942
40,2,2.372879180044401,0.3728791800444007,2872.4154836815587,5744.830967363117
41,2,2.552422563240909,0.5524225632409091,2755.1983982292254,5510.396796458451
42,2,2.5749953664557563,0.5749953664557562,2757.259722839883,5514.519445679766
43,2,2.606683820783247,0.6066838207832469,2727.1706906305253,5454.341381261051
44,2,2.6156985845671694,0.6156985845671695,2735.256523557653,5470.513047115306
45,2,2.6447201405578635,0.6447201405578634,2771.731452625905,5543.46290525181
46,2,2.821898338771655,0.8218983387716552,2699.7519795391972,5399.5039590783945
47,2,2.6975678098235067,0.6975678098235066,2845.3022441436688,5690.6044882873375
48,2,2.631955100413553,0.631955100413553,2974.2626731794912,5948.5253463589825
49,2,2.3961838105192776,0.39618381051927776,3090.687818089771,6181.375636179542
50,2,2.3267257897067917,0.32672578970679184,3142.4480520625584,6284.896104125116
51,2,2.3450189860670387,0.34501898606703874,3152.870353362621,6305.740706725242
52,2,2.423423376706957,0.42342337670695707,3064.957041612804,6129.914083225607
53,2,2.338930209069799,0.3389302090697993,3102.0018993378567,6204.003798675713
54,2,2.433066084254449,0.4330660842544487,3107.0760419753574,6214.152083950715
55,2,2.593643408322123,0.5936434083221228,3017.117451168832,6034.234902337664
56,2,2.551047116666581,0.5510471166665808,3086.16930693345,6172.3386138669
57,2,2.6298327269908466,0.6298327269908464,3024.8745561942023,6049.749112388405
58,2,2.737481143643391,0.7374811436433909,2975.563840827843,5951.127681655686
59,2,2.456839771838037,0.4568397718380372,3143.3469140836833,6286.693828167366
60,2,2.1610349269829294,0.16103492698292943,3310.6759464406373,6621.351892881275
61,2,2.144061903422782,0.14406190342278224,3285.035281144637,6570.070562289274
62,2,2.0,0.0,3376.899251484358,6753.798502968716
63,2,2.093375822094695,0.09337582209469494,3314.8882159999184,6629.776431999837
64,2,2.247895149069884,0.24789514906988433,3261.095203222638,6522.190406445275
65,2,2.2793139998601317,0.27931399986013195,3261.754320493841,6523.508640987681
66,2,2.3182818023076948,0.3182818023076947,3227.676902176579,6455.353804353158
67,2,2.234318882606073,0.2343188826060731,3282.2341776418966,6564.468355283793
68,2,2.101680193241475,0.10168019324147465,3382.998713036036,6765.997426072072
69,2,2.2791927333346056,0.2791927333346057,3289.476764398947,6578.953528797894
70,2,2.4276824450066723,0.42768244500667235,3176.9781735381,6353.9563470762
71,2,2.426557568638211,0.4265575686382108,3141.038234298025,6282.07646859605
72,2,2.436360716711054,0.4363607167110541,3222.423643555324,6444.847287110648
73,2,2.468003112327092,0.46800311232709213,3239.8921351140107,6479.784270228021
74,2,2.463268575142703,0.4632685751427032,3186.4382856949996,6372.876571389998
75,2,2.600495211091337,0.6004952110913371,3085.6655179598592,6171.331035919718
76,2,2.555377786185113,0.5553777861851131,3094.3406071780046,6188.681214356009
77,2,2.4740435391159035,0.47404353911590363,3140.8150869207147,6281.630173841429
78,2,2.6861611777155545,0.6861611777155547,3067.9008817763042,6135.801763552608
79,2,2.825335588444913,0.825335588444913,2938.0553994820557,5876.110798964111
80,2,2.9911539741539377,0.9911539741539377,2710.9912244640814,5421.982448928163
81,2,3.0593337626439965,1.0593337626439967,2555.6473176527998,5111.294635305599
82,2,3.1720810270674775,1.1720810270674773,2444.8239753395505,4889.647950679101
83,2,3.1752432912779955,1.1752432912779955,2472.5174841155344,4945.034968231069
84,2,3.166099386159802,1.166099386159802,2473.3748475987063,4946.749695197413
85,2,3.0428507411744743,1.0428507411744743,2573.5152532128864,5147.030506425773
86,2,2.9891635070249536,0.9891635070249537,2601.0746071752524,5202.149214350505
87,2,3.136711520362126,1.136711520362126,2438.260179897538,4876.520359795075
88,2,3.294522535246319,1.2945225352463188,2381.407972576438,4762.815945152876
89,2,3.3188897631268564,1.3188897631268564,2292.8948820157725,4585.789764031545
90,2,3.257893256881829,1.257893256881829,2367.0369824033405,4734.07396480668
91,2,3.19412621788364,1.1941262178836396,2305.6215049356015,4611.243009871203
92,2,3.1014132071187595,1.1014132071187592,2365.438548470666,4730.877096941332
93,2,3.0332607989860234,1.0332607989860236,2326.6423441148827,4653.2846882297645
94,2,3.010199779907331,1.010199779907331,2336.626999054206,4673.253998108411
95,2,3.0511862367328475,1.0511862367328475,2277.045019643594,4554.090039287188
96,2,3.0887542833115536,1.0887542833115536,2303.9464653327313,4607.892930665463
97,2,3.151422708316707,1.151422708316707,2196.339087227116,4392.678174454231
98,2,3.100690244619908,1.100690244619908,2132.793736642837,4265.587473285674
99,2,3.320567883103175,1.320567883103175,1841.08281902613,3682.16563805226
